[20:06:40] deps up · apps=plan design ewell partsdash opsdash · k=3 12 · grounding=http://localhost:3334
[20:06:40] [1/10] run  plan k=3 …
[20:07:50] [1/10]      plan k=3 → 8.0%
[20:07:50] [2/10] skip design k=3 → 19.6% (cached; rm scripts/overnight/runs/cells/design-k3.out to redo)
[20:07:50] [3/10] run  ewell k=3 …
[20:10:59] [3/10]      ewell k=3 → 20.7%
[20:10:59] [4/10] run  partsdash k=3 …
[20:14:22] [4/10]      partsdash k=3 → 53.3%
[20:14:22] [5/10] run  opsdash k=3 …
[20:16:51] [5/10]      opsdash k=3 → 72.7%
[20:16:51] [6/10] run  plan k=12 …
[20:18:39] [6/10]      plan k=12 → 31.3%
[20:18:39] [7/10] run  design k=12 …
[20:22:11] [7/10]      design k=12 → 25.0%
[20:22:11] [8/10] run  ewell k=12 …
[20:26:06] [8/10]      ewell k=12 → 17.3%
[20:26:06] [9/10] run  partsdash k=12 …
[20:30:32] [9/10]      partsdash k=12 → 52.3%
[20:30:32] [10/10] run  opsdash k=12 …
[20:33:56] [10/10]      opsdash k=12 → 57.7%
[20:33:56] DONE → scripts/overnight/runs/baseline-5app.md   (per-cell output in runs/cells/)
# 5-app baseline — 2026-08-16 20:33

grounded · num_ctx=8192 · temperature 0 (deterministic → runs=1 is exact)
grounding server: http://localhost:3334

| app | k=3 | k=12 |
|---|---|---|
| plan | 8.0% | 31.3% |
| design | 19.6% | 25.0% |
| ewell | 20.7% | 17.3% |
| partsdash | 53.3% | 52.3% |
| opsdash | 72.7% | 57.7% |

## facets
- **plan k=3** — facets: panelKinds 0.0% · nesting 0.0% · vars 0.0% · structures 0.0% · theme 0.0% · meta 100.0%
  - built: built kinds:  [container]
- **design k=3** — facets: panelKinds 11.1% · nesting 5.6% · vars 66.7% · structures 0.0% · theme 0.0% · meta 50.0%
  - built: built kinds:  [heading, grid, statgrid, chart, grid, grid, grid, grid, grid, grid, grid, grid, grid, heading, container, container, container, statgri
- **ewell k=3** — facets: panelKinds 15.0% · nesting 0.0% · vars 71.4% · structures 0.0% · theme 0.0% · meta 50.0%
  - built: built kinds:  [heading, grid, heading, grid, heading, grid, heading, heading, grid, heading, grid, heading, grid, heading]
- **partsdash k=3** — facets: panelKinds 57.1% · nesting 57.1% · vars 100.0% · structures 0.0% · theme 0.0% · meta 50.0%
  - built: built kinds:  [heading, heading, statgrid, chart, cad3d]
- **opsdash k=3** — facets: panelKinds 54.5% · nesting 54.5% · vars 100.0% · structures 100.0% · theme 100.0% · meta 100.0%
  - built: built kinds:  [statgrid, chart, datatable]
- **plan k=12** — facets: panelKinds 33.3% · nesting 50.0% · vars 0.0% · structures 0.0% · theme 0.0% · meta 100.0%
  - built: built kinds:  [heading, grid, chart, gantt, gantt, table, heading, table]
- **design k=12** — facets: panelKinds 20.0% · nesting 20.0% · vars 40.0% · structures 100.0% · theme 0.0% · meta 0.0%
  - built: built kinds:  [heading, heading, heading, heading, heading]
- **ewell k=12** — facets: panelKinds 16.7% · nesting 0.0% · vars 44.4% · structures 0.0% · theme 0.0% · meta 50.0%
  - built: built kinds:  [heading, heading, grid, grid, grid, heading, heading, heading, heading, sidebar]
- **partsdash k=12** — facets: panelKinds 57.1% · nesting 57.1% · vars 0.0% · structures 0.0% · theme 100.0% · meta 100.0%
  - built: built kinds:  [chart, statgrid, chart, datatable, cad3d]
- **opsdash k=12** — facets: panelKinds 46.2% · nesting 46.2% · vars 100.0% · structures 100.0% · theme 0.0% · meta 100.0%
  - built: built kinds:  [dashboard, statgrid, statgrid, chart, datatable]
