
=== plan  (local, incremental, 8 prompts) — 2 runs ===
  overall: mean 69.0%  σ 0.00pp  min 69.0%  max 69.0%
  facet means: panelKinds 66.7% · nesting 66.7% · vars 100.0% · structures 0.0% · theme 100.0% · meta 50.0%
  per-run: 69.0% · 69.0%
  golden kinds: [heading, text, gantt, grid]

=== design  (local, incremental, 13 prompts) — 2 runs ===
  overall: mean 33.1%  σ 0.00pp  min 33.1%  max 33.1%
  facet means: panelKinds 36.4% · nesting 36.4% · vars 75.0% · structures 0.0% · theme 0.0% · meta 0.0%
  per-run: 33.1% · 33.1%
  golden kinds: [heading, text, tabs, nodetree, nodetree]

=== ewell  (local, incremental, 13 prompts) — 2 runs ===
  overall: mean 43.5%  σ 0.66pp  min 42.9%  max 44.2%
  facet means: panelKinds 10.2% · nesting 0.0% · vars 96.2% · structures 100.0% · theme 100.0% · meta 100.0%
  per-run: 42.9% · 44.2%
  golden kinds: [vtoolbar, iconbutton, popover, text, iconbutton, popover, text, text, text, iconbutton, iconbutton, popover, grid, iconbutton, popover, grid, iconbutton, popover, text, iconbutton, popover, text, col, heading, text, wellschematic]

=== partsdash  (local, incremental, 13 prompts) — 2 runs ===
  overall: mean 40.2%  σ 2.11pp  min 38.1%  max 42.3%
  facet means: panelKinds 22.9% · nesting 22.9% · vars 100.0% · structures 0.0% · theme 75.0% · meta 50.0%
  per-run: 42.3% · 38.1%
  golden kinds: [heading, text, statgrid, stat, stat, stat, chart, datatable, cad3d]

=== opsdash  (local, incremental, 11 prompts) — 2 runs ===
  overall: mean 44.5%  σ 3.46pp  min 41.1%  max 48.0%
  facet means: panelKinds 13.8% · nesting 13.8% · vars 75.0% · structures 100.0% · theme 100.0% · meta 100.0%
  per-run: 48.0% · 41.1%
  golden kinds: [heading, text, statgrid, stat, stat, stat, chart, datatable]

──────────────────────────────────────────────
RUNS SUMMARY (local, 2× each):
app        runs   mean  σ(pp)    min    max
plan          2  69.0%   0.00  69.0%  69.0%
design        2  33.1%   0.00  33.1%  33.1%
ewell         2  43.5%   0.66  42.9%  44.2%
partsdash     2  40.2%   2.11  38.1%  42.3%
opsdash       2  44.5%   3.46  41.1%  48.0%

average mean: 46.1%
